[Thermomatic INFO] Initialized Thermomatic Server at localhost:1337
[Thermomatic INFO] accepting TCP connections...
[IMEI 490154203237518] Connection Established
[IMEI 490154203237518] Logged-In
[IMEI 457026071135621] Connection Established
[IMEI 457026071135621] Logged-In
[IMEI 490154203237518] No Readings for 2 seconds, Closing Client
